[2025-09-12T11:09:45.502Z] SESSION_CREATED: User admin (admin) - SessionId: 33c355939a98a0dbf62319994b57497ff16754dc13eb5e73e310e6d8a43a96d6 - Expires: 2025-09-12T12:09:45.502Z
[2025-09-12T11:09:54.336Z] SESSION_CREATED: User admin (admin) - SessionId: 5154f10bbce19cdfe24c1a7f71755adb93e75fc92b4efe688c883de50ef7163c - Expires: 2025-09-12T12:09:54.336Z
[2025-09-12T11:09:55.041Z] SESSION_REFRESHED: User admin (admin) - SessionId: 5154f10bbce19cdfe24c1a7f71755adb93e75fc92b4efe688c883de50ef7163c - Refresh #1 - New expiry: 2025-09-12T12:09:55.041Z
[2025-09-12T11:09:55.043Z] TOKEN_REFRESHED: User admin - SessionId: 5154f10bbce19cdfe24c1a7f71755adb93e75fc92b4efe688c883de50ef7163c - Refresh #1 - IP: ::1
[2025-09-12T11:09:55.709Z] SESSION_LOGOUT: User admin (admin) - SessionId: 5154f10bbce19cdfe24c1a7f71755adb93e75fc92b4efe688c883de50ef7163c - IP: ::1
[2025-09-12T11:09:55.931Z] SESSION_VALIDATION_FAILED: User admin - SessionId: 5154f10bbce19cdfe24c1a7f71755adb93e75fc92b4efe688c883de50ef7163c - Reason: SESSION_NOT_FOUND - IP: ::1
[2025-09-12T11:28:27.555Z] SESSION_CREATED: User admin (admin) - SessionId: e0eb0b30fd4cae78901f1ad67b71f6cbf1499974d0deb091e36cd16e5408da33 - Expires: 2025-09-12T12:28:27.554Z
[2025-09-15T06:04:56.670Z] SESSION_CREATED: User admin (admin) - SessionId: 0e90ec41f9aa169ff81f37846b0b4b0364deca70532bde48b155226da3fa2919 - Expires: 2025-09-15T07:04:56.669Z
[2025-09-15T06:06:10.361Z] SESSION_CREATED: User admin (admin) - SessionId: 690e53fe0a291b1059bf8d7ba16fba89f9839eef8783d5044b8da6253ba22597 - Expires: 2025-09-15T07:06:10.361Z
[2025-09-15T06:07:37.472Z] SESSION_CREATED: User admin (admin) - SessionId: 7c6937db9353721bddfcf7a77b66ee6e5a605110c927a5fcd6ff6ed54e2b9214 - Expires: 2025-09-15T07:07:37.472Z
[2025-09-15T06:14:17.772Z] SESSION_CREATED: User admin (admin) - SessionId: 484481bf8d99675c2eec3c007feca5d3df738a95175af97524d33496550c75f7 - Expires: 2025-09-15T07:14:17.772Z
[2025-09-15T06:15:49.653Z] SESSION_CREATED: User admin (admin) - SessionId: ab145709637dba835f2d7db95c7fd4233975df58bf52214452815a435bb01658 - Expires: 2025-09-15T07:15:49.653Z
[2025-09-17T09:42:56.261Z] SESSION_CREATED: User admin (admin) - SessionId: c4a466e617380703cc623b9f8aa2e9fc638ea763851151c2f1f8cd9762f8ddf3 - Expires: 2025-09-17T10:42:56.260Z
[2025-09-17T15:02:50.222Z] SESSION_CREATED: User admin (admin) - SessionId: 4f9805ceb623f95dcbbf425ae665f905cd241c5d942b1ea68db78d5a3466b544 - Expires: 2025-09-17T16:02:50.221Z
[2025-09-17T15:03:38.380Z] SESSION_CREATED: User admin (admin) - SessionId: 8cfb94bd63e44dc5b8968749d610e176e3d5ddc540dbaf1027a653adbefeb785 - Expires: 2025-09-17T16:03:38.380Z
[2025-09-17T15:48:40.864Z] SESSION_VALIDATION_FAILED: User admin - SessionId: 8cfb94bd63e44dc5b8968749d610e176e3d5ddc540dbaf1027a653adbefeb785 - Reason: SESSION_NOT_FOUND - IP: ::1
[2025-09-17T15:48:47.534Z] SESSION_VALIDATION_FAILED: User admin - SessionId: 8cfb94bd63e44dc5b8968749d610e176e3d5ddc540dbaf1027a653adbefeb785 - Reason: SESSION_NOT_FOUND - IP: ::1
[2025-09-17T15:51:42.126Z] SESSION_CREATED: User admin (admin) - SessionId: cfee62083fd31deceddd778720d6cc2f09403a2cc237827801124b83cad87923 - Expires: 2025-09-17T16:51:42.126Z
[2025-12-30T12:35:01.963Z] SESSION_CREATED: User admin (admin) - SessionId: 1158c0392a476982e1e449553cf9fdf3bb3a983b82a67afbc3f034b9a59dd0b6 - Expires: 2025-12-30T13:35:01.962Z
[2025-12-31T11:36:59.305Z] SESSION_CREATED: User admin (admin) - SessionId: ac1aedb645aeb96405cbd25c7eacf6d24876cbf8ce77ace2b9b8a434d38e151f - Expires: 2025-12-31T12:36:59.304Z
[2026-01-03T05:45:35.644Z] SESSION_CREATED: User admin (admin) - SessionId: 1b21abc21e24f17144c328141519d183a92c565ded0a878e3a56db182e9a39f5 - Expires: 2026-01-03T06:45:35.643Z
[2026-01-03T05:57:14.159Z] SESSION_CREATED: User admin (admin) - SessionId: 99bac3a407cb4cf53c21e03bb871899ddf8f93ec59e7f363f43f6bcd308047a1 - Expires: 2026-01-03T06:57:14.159Z
[2026-01-03T06:00:32.353Z] SESSION_CREATED: User student1 (student) - SessionId: cb3296b66b12f705d43a0f2fbf5279ddf0b23690ce640ba00ec38b939a68ae41 - Expires: 2026-01-03T06:30:32.353Z
[2026-01-03T06:02:12.314Z] SESSION_CREATED: User student5 (student) - SessionId: 2779ef526a23cbc832e94427cab5366269c5bf981bda1e34d13512043c3ee266 - Expires: 2026-01-03T06:32:12.314Z
[2026-01-03T06:08:10.273Z] SESSION_CREATED: User teacher1 (teacher) - SessionId: f32e45dae5bb01caef78102af4264f2bff7b14f13e3fdd263f91681035271b71 - Expires: 2026-01-03T06:53:10.273Z
[2026-01-03T06:16:59.971Z] SESSION_CREATED: User student1 (student) - SessionId: 0e04deaf9f34e0017198c43218ee5010851df3f46727ae1a67364d13d1a3ddca - Expires: 2026-01-03T06:46:59.970Z
[2026-01-03T06:23:29.760Z] SESSION_CREATED: User student1 (student) - SessionId: ded9263a6bbc41c1979ef6ecf6add9be719f1abe06441bcd391e000c597744c9 - Expires: 2026-01-03T06:53:29.760Z
[2026-01-03T06:26:36.762Z] SESSION_CREATED: User student1 (student) - SessionId: 3ed90a7dd16e499616a643d34b05d2e22f6968af29c8ad1f0f0d99e385b089e5 - Expires: 2026-01-03T06:56:36.761Z
[2026-01-03T06:30:41.846Z] SESSION_CREATED: User student1 (student) - SessionId: f4cdc35a6aa7b32229d5548ed4998cd4931e2e16ec182ecac3be107af676695f - Expires: 2026-01-03T07:00:41.846Z
[2026-01-03T06:33:30.293Z] SESSION_CREATED: User student1 (student) - SessionId: 72b3ecb888c42c019a652533b940f6030a982d734f792857b3a1c04894ef4863 - Expires: 2026-01-03T07:03:30.292Z
[2026-01-04T05:40:53.499Z] SESSION_CREATED: User admin (admin) - SessionId: 1799d32d62c736794ecaf6e06c643ae704bd2b57cd175146206c7371b605aecd - Expires: 2026-01-04T06:40:53.499Z
[2026-01-04T05:41:24.931Z] SESSION_CREATED: User student1 (student) - SessionId: 10d2afba4eb42e9b91d67d5838b2e211815f746b24efdb485478440530cf8bb4 - Expires: 2026-01-04T06:11:24.931Z
[2026-01-04T05:47:03.298Z] SESSION_CREATED: User student1 (student) - SessionId: f50498fd04597bd3b2da6c7a85f01e0b44f61bcaa1b426ee56a5065907a903b2 - Expires: 2026-01-04T06:17:03.298Z
[2026-01-04T05:47:03.630Z] SESSION_CREATED: User student1 (student) - SessionId: 9957f8afbd9caec5800e1fe6c160f115b49c2746dd22ee673dd1a386ac3303a6 - Expires: 2026-01-04T06:17:03.630Z
[2026-01-04T06:19:43.433Z] SESSION_CLEANUP: Removed expired session for student1 (student) - SessionId: 10d2afba4eb42e9b91d67d5838b2e211815f746b24efdb485478440530cf8bb4
[2026-01-04T06:19:43.435Z] SESSION_CLEANUP: Removed expired session for student1 (student) - SessionId: f50498fd04597bd3b2da6c7a85f01e0b44f61bcaa1b426ee56a5065907a903b2
[2026-01-04T06:19:43.436Z] SESSION_CLEANUP: Removed expired session for student1 (student) - SessionId: 9957f8afbd9caec5800e1fe6c160f115b49c2746dd22ee673dd1a386ac3303a6
[2026-01-04T06:19:43.440Z] SESSION_CLEANUP: Removed 3 expired sessions
[2026-01-04T06:48:32.637Z] SESSION_CREATED: User student1 (student) - SessionId: 591e35e1f26eb2ce5d4f92021d50513051f6665765c2de80b1f06aa34fceb5aa - Expires: 2026-01-04T07:18:32.637Z
[2026-01-04T07:21:44.186Z] SESSION_CREATED: User admin (admin) - SessionId: 4b0184bea91b3d5fb40d0f34e7a67f0b26889b1fb0800ad38dbc91eca7cb552b - Expires: 2026-01-04T08:21:44.186Z
[2026-01-04T09:44:07.561Z] SESSION_CREATED: User student1 (student) - SessionId: 4105339455f57684f8957edd333ef37f6e72f6eedf69dd15b4db8c3fd8e384f2 - Expires: 2026-01-04T10:14:07.561Z
[2026-01-04T09:46:56.617Z] SESSION_CREATED: User admin (admin) - SessionId: 3102a99beb32b1798bfadc6b3814970619c2ce8c2d6ede40e7a389d41a473121 - Expires: 2026-01-04T10:46:56.617Z
[2026-01-05T06:39:57.024Z] SESSION_CREATED: User admin (admin) - SessionId: 63d5bc60608d4b8eab31c9b70b3ac5d3cd7efe2c602ae465b0bd9a6573906355 - Expires: 2026-01-05T07:39:57.023Z
[2026-01-05T06:48:28.544Z] SESSION_CREATED: User teacher1 (teacher) - SessionId: ade0bd1193c2fc1bb0d7a8528b6769860ba7730adbeb117486e6619988533919 - Expires: 2026-01-05T07:33:28.544Z
[2026-01-05T08:55:17.717Z] SESSION_CLEANUP: Removed expired session for admin (admin) - SessionId: 63d5bc60608d4b8eab31c9b70b3ac5d3cd7efe2c602ae465b0bd9a6573906355
[2026-01-05T08:55:17.828Z] SESSION_CLEANUP: Removed expired session for teacher1 (teacher) - SessionId: ade0bd1193c2fc1bb0d7a8528b6769860ba7730adbeb117486e6619988533919
[2026-01-05T08:55:17.869Z] SESSION_CLEANUP: Removed 2 expired sessions
[2026-01-05T08:59:51.315Z] SESSION_CREATED: User student1 (student) - SessionId: 73b0a28fc3915c061cefee068bbe7599e56fdf05750b7fe2b3b06bdd37aa1273 - Expires: 2026-01-05T09:29:51.314Z
[2026-01-05T09:01:23.306Z] SESSION_CREATED: User admin (admin) - SessionId: a58951e27eafcf382066817b0267dd23ddeff4e63245ad6fc6bc751bde24e9c1 - Expires: 2026-01-05T10:01:23.306Z
[2026-01-05T09:29:59.580Z] SESSION_CREATED: User student1 (student) - SessionId: 164b6f6e777ab5add2e8625d2dd2e796abef6612d90157fa2c359d52b80873ec - Expires: 2026-01-05T09:59:59.580Z
[2026-01-05T09:39:19.468Z] SESSION_CLEANUP: Removed expired session for student1 (student) - SessionId: 73b0a28fc3915c061cefee068bbe7599e56fdf05750b7fe2b3b06bdd37aa1273
[2026-01-05T09:39:19.470Z] SESSION_CLEANUP: Removed 1 expired sessions
[2026-01-05T09:42:31.393Z] SESSION_CREATED: User admin (admin) - SessionId: ffa195720dc002fcb4e568688fd7638de961da1f74ab835076954336b87cd126 - Expires: 2026-01-05T10:42:31.392Z
[2026-01-05T10:09:19.493Z] SESSION_CLEANUP: Removed expired session for admin (admin) - SessionId: a58951e27eafcf382066817b0267dd23ddeff4e63245ad6fc6bc751bde24e9c1
[2026-01-05T10:09:19.497Z] SESSION_CLEANUP: Removed expired session for student1 (student) - SessionId: 164b6f6e777ab5add2e8625d2dd2e796abef6612d90157fa2c359d52b80873ec
[2026-01-05T10:09:19.499Z] SESSION_CLEANUP: Removed 2 expired sessions
[2026-01-07T04:21:35.105Z] SESSION_CREATED: User admin (admin) - SessionId: b009ea9096fb8409a61a111de164034d4093e18dc252b16eb15f535060a6bf12 - Expires: 2026-01-07T05:21:35.104Z
[2026-01-07T05:23:16.770Z] SESSION_CREATED: User student1 (student) - SessionId: 35f22ace5b020454c8f84d40b3d3c60fe1b2128f9bbfab4c185a0c811026ac00 - Expires: 2026-01-07T05:53:16.770Z
[2026-01-07T05:27:05.629Z] SESSION_CREATED: User admin (admin) - SessionId: 7322f52d7a31ba2d8c63d426be254fb553ca1377159dc314f460059c23a5411d - Expires: 2026-01-07T06:27:05.629Z
[2026-01-07T05:29:21.634Z] SESSION_CLEANUP: Removed expired session for admin (admin) - SessionId: b009ea9096fb8409a61a111de164034d4093e18dc252b16eb15f535060a6bf12
[2026-01-07T05:29:21.635Z] SESSION_CLEANUP: Removed 1 expired sessions
[2026-01-07T05:59:21.709Z] SESSION_CLEANUP: Removed expired session for student1 (student) - SessionId: 35f22ace5b020454c8f84d40b3d3c60fe1b2128f9bbfab4c185a0c811026ac00
[2026-01-07T05:59:21.762Z] SESSION_CLEANUP: Removed 1 expired sessions
[2026-01-07T08:10:58.065Z] SESSION_CLEANUP: Removed expired session for admin (admin) - SessionId: 7322f52d7a31ba2d8c63d426be254fb553ca1377159dc314f460059c23a5411d
[2026-01-07T08:10:58.319Z] SESSION_CLEANUP: Removed 1 expired sessions
[2026-01-30T04:31:32.156Z] SESSION_CREATED: User admin (admin) - SessionId: 5c0200d76d452baf676f83a3bf0821238b34a10aa534035d7af559b0eede6832 - Expires: 2026-01-30T05:31:32.154Z
[2026-01-30T04:34:00.146Z] SESSION_CREATED: User teacher1 (teacher) - SessionId: 22359e5552e1a9b5d43b60aa2941cb66ea46bbb9fddba6bf08ab45e8859f4c4c - Expires: 2026-01-30T05:19:00.146Z
[2026-01-30T04:35:01.844Z] SESSION_CREATED: User student1 (student) - SessionId: 5635e46b30cfbf9aae975e1dd08e9f0e03b333534678f7264395735628447144 - Expires: 2026-01-30T05:05:01.844Z
[2026-01-30T04:43:12.173Z] SESSION_CREATED: User admin (admin) - SessionId: f5ca4b8043c75b0a716ffbe89229856acd1e2bc0d8dab226c74ced6e41b3d17a - Expires: 2026-01-30T05:43:12.172Z
[2026-01-30T05:06:23.037Z] SESSION_CLEANUP: Removed expired session for student1 (student) - SessionId: 5635e46b30cfbf9aae975e1dd08e9f0e03b333534678f7264395735628447144
[2026-01-30T05:06:23.045Z] SESSION_CLEANUP: Removed 1 expired sessions
[2026-01-30T05:26:23.055Z] SESSION_CLEANUP: Removed expired session for teacher1 (teacher) - SessionId: 22359e5552e1a9b5d43b60aa2941cb66ea46bbb9fddba6bf08ab45e8859f4c4c
[2026-01-30T05:26:23.061Z] SESSION_CLEANUP: Removed 1 expired sessions
[2026-01-30T05:36:23.158Z] SESSION_CLEANUP: Removed expired session for admin (admin) - SessionId: 5c0200d76d452baf676f83a3bf0821238b34a10aa534035d7af559b0eede6832
[2026-01-30T05:36:23.405Z] SESSION_CLEANUP: Removed 1 expired sessions
[2026-01-30T05:46:23.069Z] SESSION_CLEANUP: Removed expired session for admin (admin) - SessionId: f5ca4b8043c75b0a716ffbe89229856acd1e2bc0d8dab226c74ced6e41b3d17a
[2026-01-30T05:46:23.071Z] SESSION_CLEANUP: Removed 1 expired sessions
[2026-01-30T08:24:13.084Z] SESSION_CREATED: User admin (admin) - SessionId: 2467141320de392bf276398b962bbf343388ae607feebe2a1d15a1b7b4f276d2 - Expires: 2026-01-30T09:24:13.084Z
[2026-01-30T09:33:51.086Z] SESSION_CLEANUP: Removed expired session for admin (admin) - SessionId: 2467141320de392bf276398b962bbf343388ae607feebe2a1d15a1b7b4f276d2
[2026-01-30T09:33:51.090Z] SESSION_CLEANUP: Removed 1 expired sessions
[2026-01-30T10:01:43.076Z] SESSION_CREATED: User admin (admin) - SessionId: 71644a89674a19aedc24580b626e59f43c600e401f59339ec44dc7385e718f05 - Expires: 2026-01-30T11:01:43.076Z
[2026-01-31T04:24:15.347Z] SESSION_CREATED: User admin (admin) - SessionId: 654f639f01e9e963f7544fcdcae5e7718d2ba18a5b0fd24941fa4e49833a3242 - Expires: 2026-01-31T05:24:15.346Z
[2026-01-31T05:27:56.913Z] SESSION_CREATED: User admin (admin) - SessionId: 2c137c56544f3e3ab820bbc68704de0530943cb382b954026da3703cd7bf1be9 - Expires: 2026-01-31T06:27:56.912Z
[2026-01-31T07:50:50.758Z] SESSION_CLEANUP: Removed expired session for admin (admin) - SessionId: 2c137c56544f3e3ab820bbc68704de0530943cb382b954026da3703cd7bf1be9
[2026-01-31T07:50:51.129Z] SESSION_CLEANUP: Removed 1 expired sessions
[2026-01-31T07:59:31.997Z] SESSION_CREATED: User admin (admin) - SessionId: 16c2e2f98ed81edf2995390a0a30f28418dc90e782f246555e8c4dd59cdd8f71 - Expires: 2026-01-31T08:59:31.997Z
[2026-01-31T09:08:45.614Z] SESSION_CREATED: User admin (admin) - SessionId: 7950f39c2d6e156fd70fc00a8d559516c5d7568b6fb5576a92dc7200f028f3b3 - Expires: 2026-01-31T10:08:45.614Z
[2026-01-31T09:19:27.875Z] SESSION_CREATED: User admin (admin) - SessionId: d5a50edece74c342c9ed96d99854534d51c133e50c96a827f873db0966b5ee44 - Expires: 2026-01-31T10:19:27.874Z
[2026-01-31T10:19:59.506Z] SESSION_CREATED: User admin (admin) - SessionId: 2e18199ce76422a04bbc8ab878fa94507f667c481c691bd15e722775e24aedaa - Expires: 2026-01-31T11:19:59.506Z
[2026-01-31T10:47:32.748Z] SESSION_CREATED: User student1 (student) - SessionId: be077d862658e3bdc79662f7aee999b42798e19147f99b9b82f70ec40e298f08 - Expires: 2026-01-31T11:17:32.747Z
[2026-02-01T09:26:39.179Z] SESSION_CREATED: User student1 (student) - SessionId: 1a017e0d3707c5d47d8d3489356304bac5dc1086dad50944bf0e3e033ffde2ec - Expires: 2026-02-01T09:56:39.179Z
[2026-02-01T09:57:12.277Z] SESSION_CLEANUP: Removed expired session for student1 (student) - SessionId: 1a017e0d3707c5d47d8d3489356304bac5dc1086dad50944bf0e3e033ffde2ec
[2026-02-01T09:57:12.281Z] SESSION_CLEANUP: Removed 1 expired sessions
[2026-02-02T04:24:18.326Z] SESSION_CREATED: User admin (admin) - SessionId: 02299cfc56c80beb9d977cd7a8399ef832e4ab0739c1455fdfc28a11719bf895 - Expires: 2026-02-02T05:24:18.326Z
[2026-02-02T04:28:48.212Z] SESSION_CREATED: User teacher1 (teacher) - SessionId: 9309c914ed3193e68c931baf6a412dfbbae771249ba440f1659a0aa491cd9b2d - Expires: 2026-02-02T05:13:48.211Z
[2026-02-02T04:32:02.471Z] SESSION_CREATED: User student1 (student) - SessionId: 0eda4dfac01a5fc82bc0c3322bd8e4acd9abf86011f9c83498bc195fcd53911a - Expires: 2026-02-02T05:02:02.471Z
[2026-02-02T04:36:04.418Z] SESSION_CREATED: User student1 (student) - SessionId: 902d240e87667078898ab90978a987a618851ddcdfc320b33041c61b61399030 - Expires: 2026-02-02T05:06:04.418Z
[2026-02-02T04:50:35.926Z] SESSION_CREATED: User admin (admin) - SessionId: 9bbc7723669d567fa7fe7341377875b519159a96443a481eca97fc365c36b5d0 - Expires: 2026-02-02T05:50:35.925Z
[2026-02-02T05:04:00.973Z] SESSION_CREATED: User admin (admin) - SessionId: 8b5f9ce1cfcc669814f1af29a733f205f33e3d7f077861189a9ae871b2fb5fa2 - Expires: 2026-02-02T06:04:00.973Z
[2026-02-02T05:05:40.442Z] SESSION_CREATED: User teacher1 (teacher) - SessionId: 521bbb3c3c66a140f89ee12e8e541ed27931f39e90280bc315fa238d610a7419 - Expires: 2026-02-02T05:50:40.442Z
[2026-02-02T05:05:40.492Z] SESSION_CREATED: User teacher1 (teacher) - SessionId: 46e34e04219a57dd9d505bc851eafdd3ed085c08fc861fbcbb7b3f01d68312f5 - Expires: 2026-02-02T05:50:40.491Z
[2026-02-02T05:15:33.896Z] SESSION_CLEANUP: Removed expired session for student1 (student) - SessionId: 902d240e87667078898ab90978a987a618851ddcdfc320b33041c61b61399030
[2026-02-02T05:15:33.940Z] SESSION_CLEANUP: Removed 1 expired sessions
[2026-02-02T05:32:26.608Z] SESSION_CREATED: User student1 (student) - SessionId: 9ffdf9d1154572ae52299b3b62a46ee9fea640399cf4fa616ec51535fe411d82 - Expires: 2026-02-02T06:02:26.608Z
[2026-02-02T05:55:33.926Z] SESSION_CLEANUP: Removed expired session for admin (admin) - SessionId: 9bbc7723669d567fa7fe7341377875b519159a96443a481eca97fc365c36b5d0
[2026-02-02T05:55:33.929Z] SESSION_CLEANUP: Removed expired session for teacher1 (teacher) - SessionId: 521bbb3c3c66a140f89ee12e8e541ed27931f39e90280bc315fa238d610a7419
[2026-02-02T05:55:33.929Z] SESSION_CLEANUP: Removed expired session for teacher1 (teacher) - SessionId: 46e34e04219a57dd9d505bc851eafdd3ed085c08fc861fbcbb7b3f01d68312f5
[2026-02-02T05:55:33.935Z] SESSION_CLEANUP: Removed 3 expired sessions
[2026-02-02T06:00:05.505Z] SESSION_CREATED: User admin (admin) - SessionId: 6912540222bb8a360d5b8aec49b099f0ad960c276b063f414ec5a0cd4e3098f4 - Expires: 2026-02-02T07:00:05.505Z
[2026-02-02T06:00:27.761Z] SESSION_CREATED: User teacher1 (teacher) - SessionId: 5b32fd9783a39884e0cd1688707eb1220775308798888b1f5501d89938571e3b - Expires: 2026-02-02T06:45:27.761Z
[2026-02-02T06:00:58.227Z] SESSION_CREATED: User student1 (student) - SessionId: 5512d310f6b3de72f4e65e495ac5a78e1021e5777b17f526a0ba6c1beb9b4218 - Expires: 2026-02-02T06:30:58.227Z
[2026-02-02T06:05:33.994Z] SESSION_CLEANUP: Removed expired session for admin (admin) - SessionId: 8b5f9ce1cfcc669814f1af29a733f205f33e3d7f077861189a9ae871b2fb5fa2
[2026-02-02T06:05:34.013Z] SESSION_CLEANUP: Removed expired session for student1 (student) - SessionId: 9ffdf9d1154572ae52299b3b62a46ee9fea640399cf4fa616ec51535fe411d82
[2026-02-02T06:05:34.026Z] SESSION_CLEANUP: Removed 2 expired sessions
[2026-02-02T07:34:51.079Z] SESSION_CLEANUP: Removed expired session for admin (admin) - SessionId: 6912540222bb8a360d5b8aec49b099f0ad960c276b063f414ec5a0cd4e3098f4
[2026-02-02T07:34:51.387Z] SESSION_CLEANUP: Removed expired session for teacher1 (teacher) - SessionId: 5b32fd9783a39884e0cd1688707eb1220775308798888b1f5501d89938571e3b
[2026-02-02T07:34:51.399Z] SESSION_CLEANUP: Removed expired session for student1 (student) - SessionId: 5512d310f6b3de72f4e65e495ac5a78e1021e5777b17f526a0ba6c1beb9b4218
[2026-02-02T07:34:51.400Z] SESSION_CLEANUP: Removed 3 expired sessions
[2026-02-02T07:45:54.538Z] SESSION_CREATED: User admin (admin) - SessionId: 649307e4062f57fd760cc72bb80f22ede8a656ab12443676e1283b6d419b94ed - Expires: 2026-02-02T08:45:54.538Z
[2026-02-02T08:01:11.599Z] SESSION_CREATED: User admin (admin) - SessionId: bad249eae6f3292d96d9772a86c220fc6fdaf92e1e764b24628ee5bf15a656fe - Expires: 2026-02-02T09:01:11.599Z
[2026-02-02T08:02:58.125Z] SESSION_CREATED: User teacher1 (teacher) - SessionId: 952efbdb939df2fac17d2959b7f9ef340fa3a516f24b4c269f148afeb8c2bec8 - Expires: 2026-02-02T08:47:58.124Z
[2026-02-02T08:03:18.468Z] SESSION_CREATED: User student1 (student) - SessionId: 4641ac53800054fa4248984e5c75b0dd95d4803ab81330354ec5c2a23e8ab679 - Expires: 2026-02-02T08:33:18.468Z
[2026-02-02T08:17:59.839Z] SESSION_CREATED: User admin (admin) - SessionId: 3ef4ad15c92b0b2355fbde09dbb77b4f3c3c74dd577cefa5086027704ac52da7 - Expires: 2026-02-02T09:17:59.837Z
[2026-02-02T08:18:24.750Z] SESSION_CREATED: User admin (admin) - SessionId: 0046f701623ccf275725dab961a1cdb33eeca5a9723542b86d3be813f9d30e20 - Expires: 2026-02-02T09:18:24.750Z
[2026-02-02T08:19:13.699Z] SESSION_CREATED: User teacher1 (teacher) - SessionId: da337388475f81615a99fd1633fbb3c3107f06640994dddd847b0f18e6fcc149 - Expires: 2026-02-02T09:04:13.699Z
[2026-02-02T08:19:28.611Z] SESSION_CREATED: User student1 (student) - SessionId: 52d429fc77258248c0fa3a1f9a217a704fc143cb9a402be67891ea18d0446053 - Expires: 2026-02-02T08:49:28.610Z
[2026-02-02T08:26:14.964Z] SESSION_CREATED: User admin (admin) - SessionId: 10c85e3bfa9c42d4c01c7307606c53705c5343493fa63f9b7904a77c0cdcff2d - Expires: 2026-02-02T09:26:14.963Z
[2026-02-02T08:42:11.502Z] SESSION_CLEANUP: Removed expired session for student1 (student) - SessionId: 4641ac53800054fa4248984e5c75b0dd95d4803ab81330354ec5c2a23e8ab679
[2026-02-02T08:42:11.507Z] SESSION_CLEANUP: Removed 1 expired sessions
[2026-02-02T08:52:11.505Z] SESSION_CLEANUP: Removed expired session for teacher1 (teacher) - SessionId: 952efbdb939df2fac17d2959b7f9ef340fa3a516f24b4c269f148afeb8c2bec8
[2026-02-02T08:52:11.507Z] SESSION_CLEANUP: Removed expired session for student1 (student) - SessionId: 52d429fc77258248c0fa3a1f9a217a704fc143cb9a402be67891ea18d0446053
[2026-02-02T08:52:11.508Z] SESSION_CLEANUP: Removed 2 expired sessions
[2026-02-03T05:22:14.713Z] SESSION_CREATED: User admin (admin) - SessionId: bc6cce2d860698b61d59e7d376393174ef9114bf419c44da7b39a1666be7b19e - Expires: 2026-02-03T06:22:14.712Z
[2026-02-03T05:22:58.751Z] SESSION_CREATED: User admin (admin) - SessionId: 10320c96099f405fa2b411425ae2bc0b3d7caa7dff65de9a3e67e4ea57976949 - Expires: 2026-02-03T06:22:58.751Z
[2026-02-03T05:45:00.568Z] SESSION_CREATED: User admin (admin) - SessionId: b6600557b447b0f13fcf53e27a88ca4cf2fc56abc8e76a31fdd045e0a5ecd60f - Expires: 2026-02-03T06:45:00.567Z
[2026-02-03T05:45:56.393Z] SESSION_CREATED: User admin (admin) - SessionId: e442f4cfbbe32209e35472a385795d1da3d5632be87ed14b1ddb12b554ddca31 - Expires: 2026-02-03T06:45:56.393Z
[2026-02-03T05:49:15.965Z] SESSION_CREATED: User admin (admin) - SessionId: dd1ec4c4294b73e2c6383b5a1a0298d80913cfc3b4a0a2c10d024c0c0d689c7f - Expires: 2026-02-03T06:49:15.964Z
[2026-02-03T06:04:00.833Z] SESSION_CREATED: User admin (admin) - SessionId: 9048db0301c501cecfd93447546e849907a616c2a11656c020ec0927ca183b8d - Expires: 2026-02-03T07:04:00.818Z
[2026-02-03T06:05:22.264Z] SESSION_CREATED: User admin (admin) - SessionId: 9ddd14eb10bc58792825ce08f12317aef9d91a1d3070636092a4de3f248fc21e - Expires: 2026-02-03T07:05:22.264Z
[2026-02-03T06:07:59.006Z] SESSION_CREATED: User admin (admin) - SessionId: 32c2ae349d4b6d3963f9efdc22c8a285f41579438b81e3c26d723117cf8297cc - Expires: 2026-02-03T07:07:59.005Z
[2026-02-03T06:20:15.284Z] SESSION_CREATED: User student1 (student) - SessionId: 4885bea02eba836d934bd2607f1328dd2349d0f1f9f45f7de549bbb664d08d98 - Expires: 2026-02-03T06:50:15.283Z
[2026-02-03T08:48:41.934Z] SESSION_CLEANUP: Removed expired session for admin (admin) - SessionId: bc6cce2d860698b61d59e7d376393174ef9114bf419c44da7b39a1666be7b19e
[2026-02-03T08:48:44.485Z] SESSION_CLEANUP: Removed expired session for admin (admin) - SessionId: 10320c96099f405fa2b411425ae2bc0b3d7caa7dff65de9a3e67e4ea57976949
[2026-02-03T08:48:44.485Z] SESSION_CLEANUP: Removed expired session for admin (admin) - SessionId: b6600557b447b0f13fcf53e27a88ca4cf2fc56abc8e76a31fdd045e0a5ecd60f
[2026-02-03T08:48:44.533Z] SESSION_CLEANUP: Removed expired session for admin (admin) - SessionId: e442f4cfbbe32209e35472a385795d1da3d5632be87ed14b1ddb12b554ddca31
[2026-02-03T08:48:44.553Z] SESSION_CLEANUP: Removed expired session for admin (admin) - SessionId: dd1ec4c4294b73e2c6383b5a1a0298d80913cfc3b4a0a2c10d024c0c0d689c7f
[2026-02-03T08:48:44.691Z] SESSION_CLEANUP: Removed expired session for admin (admin) - SessionId: 9048db0301c501cecfd93447546e849907a616c2a11656c020ec0927ca183b8d
[2026-02-03T08:48:44.709Z] SESSION_CLEANUP: Removed expired session for admin (admin) - SessionId: 9ddd14eb10bc58792825ce08f12317aef9d91a1d3070636092a4de3f248fc21e
[2026-02-03T08:48:44.711Z] SESSION_CLEANUP: Removed expired session for admin (admin) - SessionId: 32c2ae349d4b6d3963f9efdc22c8a285f41579438b81e3c26d723117cf8297cc
[2026-02-03T08:48:44.713Z] SESSION_CLEANUP: Removed expired session for student1 (student) - SessionId: 4885bea02eba836d934bd2607f1328dd2349d0f1f9f45f7de549bbb664d08d98
[2026-02-03T08:48:44.802Z] SESSION_CLEANUP: Removed 9 expired sessions
[2026-02-03T09:33:12.582Z] SESSION_CREATED: User admin (admin) - SessionId: 504c12d67de5d33458ea4272851bce2a1baf5ee3c311c85157962cc4ae0dc79e - Expires: 2026-02-03T10:33:12.582Z
[2026-02-03T09:33:44.434Z] SESSION_CREATED: User student1 (student) - SessionId: 4906fcd0dc2840e46fcdef87692b79f71d8a40a8d458b96800204c8bf1b28e7d - Expires: 2026-02-03T10:03:44.434Z
[2026-02-03T10:12:59.812Z] SESSION_CLEANUP: Removed expired session for student1 (student) - SessionId: 4906fcd0dc2840e46fcdef87692b79f71d8a40a8d458b96800204c8bf1b28e7d
[2026-02-03T10:12:59.822Z] SESSION_CLEANUP: Removed 1 expired sessions
[2026-02-03T10:42:59.915Z] SESSION_CLEANUP: Removed expired session for admin (admin) - SessionId: 504c12d67de5d33458ea4272851bce2a1baf5ee3c311c85157962cc4ae0dc79e
[2026-02-03T10:42:59.919Z] SESSION_CLEANUP: Removed 1 expired sessions
[2026-02-04T06:19:01.128Z] SESSION_CREATED: User admin (admin) - SessionId: b82149bc898374fa525d2e1ef2530e4cf717354f619e813053e09218b1aebf50 - Expires: 2026-02-04T07:19:01.128Z
[2026-02-04T06:22:08.521Z] SESSION_CREATED: User admin (admin) - SessionId: 93a0cef1b46c2ffd56ca88d1b77d421ee37e6d167b8cb9c757409c413624cc4a - Expires: 2026-02-04T07:22:08.521Z
[2026-02-04T06:33:23.446Z] SESSION_CREATED: User admin (admin) - SessionId: eb55bb68e628d19a5fa5885f66a8d9a0dfc33e1cb65334c012912b99940665d7 - Expires: 2026-02-04T07:33:23.446Z
[2026-02-04T06:33:59.673Z] SESSION_CREATED: User student1 (student) - SessionId: ea7aa64cd5cc2cfba5ba402e0c85e0e87b650b309715be84e0a6d1348feadd17 - Expires: 2026-02-04T07:03:59.673Z
[2026-02-04T09:24:26.424Z] SESSION_CREATED: User admin (admin) - SessionId: 2827b7b27f511ebf1717d85c231c1f9c9659c62194dcc9a8fd802a33c0bb242e - Expires: 2026-02-04T10:24:26.424Z
[2026-02-04T09:46:22.451Z] SESSION_CREATED: User student1 (student) - SessionId: 4fcd3f0fa28bb83abb3112d81d6443cabf9dcc5a3a113c2abcf1b5ce52538ee6 - Expires: 2026-02-04T10:16:22.451Z
[2026-02-04T10:10:53.106Z] SESSION_CREATED: User teacher1 (teacher) - SessionId: 0f369a3f37af5e08dbc799e0ccd2b1fa10e27e0728265c457417e09885570246 - Expires: 2026-02-04T10:55:53.105Z
[2026-02-04T10:23:36.683Z] SESSION_CLEANUP: Removed expired session for student1 (student) - SessionId: 4fcd3f0fa28bb83abb3112d81d6443cabf9dcc5a3a113c2abcf1b5ce52538ee6
[2026-02-04T10:23:36.687Z] SESSION_CLEANUP: Removed 1 expired sessions
[2026-02-04T10:33:36.697Z] SESSION_CLEANUP: Removed expired session for admin (admin) - SessionId: 2827b7b27f511ebf1717d85c231c1f9c9659c62194dcc9a8fd802a33c0bb242e
[2026-02-04T10:33:36.699Z] SESSION_CLEANUP: Removed 1 expired sessions
[2026-02-04T10:55:44.456Z] SESSION_CREATED: User admin (admin) - SessionId: f47bce59d5b2a01729ca8467d4b3c855146d7defc044185e5d174979f6e5723f - Expires: 2026-02-04T11:55:44.455Z
[2026-02-04T11:03:36.759Z] SESSION_CLEANUP: Removed expired session for teacher1 (teacher) - SessionId: 0f369a3f37af5e08dbc799e0ccd2b1fa10e27e0728265c457417e09885570246
[2026-02-04T11:03:36.928Z] SESSION_CLEANUP: Removed 1 expired sessions
